current directory: /Users/muhammadansernaseer/Desktop/Livedin Projects/host-mobile-application/vendor/bundle/ruby/4.0.0/gems/json-2.17.1/ext/json/ext/parser
/opt/homebrew/opt/ruby/bin/ruby extconf.rb
checking for rb_enc_interned_str() in ruby/encoding.h... yes
checking for rb_str_to_interned_str() in ruby.h... yes
checking for rb_hash_new_capa() in ruby.h... yes
checking for rb_hash_bulk_insert() in ruby.h... yes
checking for whether -std=c99 is accepted as CFLAGS... yes
checking for arm_neon.h... yes
checking for cpuid.h... no
creating Makefile

current directory: /Users/muhammadansernaseer/Desktop/Livedin Projects/host-mobile-application/vendor/bundle/ruby/4.0.0/gems/json-2.17.1/ext/json/ext/parser
make -j11 DESTDIR\= sitearchdir\=./.gem.20260225-9044-i9kjpb sitelibdir\=./.gem.20260225-9044-i9kjpb clean

current directory: /Users/muhammadansernaseer/Desktop/Livedin Projects/host-mobile-application/vendor/bundle/ruby/4.0.0/gems/json-2.17.1/ext/json/ext/parser
make -j11 DESTDIR\= sitearchdir\=./.gem.20260225-9044-i9kjpb sitelibdir\=./.gem.20260225-9044-i9kjpb
compiling parser.c
linking shared-object json/ext/parser.bundle
ld: warning: search path '/opt/homebrew/Cellar/openssl@3/3.6.0/lib' not found

current directory: /Users/muhammadansernaseer/Desktop/Livedin Projects/host-mobile-application/vendor/bundle/ruby/4.0.0/gems/json-2.17.1/ext/json/ext/parser
make -j11 DESTDIR\= sitearchdir\=./.gem.20260225-9044-i9kjpb sitelibdir\=./.gem.20260225-9044-i9kjpb install
/usr/bin/install -c -m 0755 parser.bundle ./.gem.20260225-9044-i9kjpb/json/ext

current directory: /Users/muhammadansernaseer/Desktop/Livedin Projects/host-mobile-application/vendor/bundle/ruby/4.0.0/gems/json-2.17.1/ext/json/ext/parser
make DESTDIR\= sitearchdir\=./.gem.20260225-9044-i9kjpb sitelibdir\=./.gem.20260225-9044-i9kjpb clean
