current directory: /Users/muhammadansernaseer/Desktop/Livedin Projects/host-mobile-application/vendor/bundle/ruby/4.0.0/gems/bigdecimal-3.3.1/ext/bigdecimal
/opt/homebrew/opt/ruby/bin/ruby extconf.rb
checking for __builtin_clz()... yes
checking for __builtin_clzl()... yes
checking for __builtin_clzll()... yes
checking for float.h... yes
checking for math.h... yes
checking for stdbool.h... yes
checking for stdlib.h... yes
checking for x86intrin.h... no
checking for intrin.h... no
checking for ruby/atomic.h... yes
checking for ruby/internal/has/builtin.h... yes
checking for ruby/internal/static_assert.h... yes
checking for rb_complex_real() in ruby.h... yes
checking for rb_complex_imag() in ruby.h... yes
checking for rb_opts_exception_p() in ruby.h... yes
checking for rb_category_warn() in ruby.h... yes
checking for RB_WARN_CATEGORY_DEPRECATED in ruby.h... yes
creating Makefile

current directory: /Users/muhammadansernaseer/Desktop/Livedin Projects/host-mobile-application/vendor/bundle/ruby/4.0.0/gems/bigdecimal-3.3.1/ext/bigdecimal
make -j11 DESTDIR\= sitearchdir\=./.gem.20260225-9044-tf5khh sitelibdir\=./.gem.20260225-9044-tf5khh clean

current directory: /Users/muhammadansernaseer/Desktop/Livedin Projects/host-mobile-application/vendor/bundle/ruby/4.0.0/gems/bigdecimal-3.3.1/ext/bigdecimal
make -j11 DESTDIR\= sitearchdir\=./.gem.20260225-9044-tf5khh sitelibdir\=./.gem.20260225-9044-tf5khh
compiling bigdecimal.c
compiling missing.c
linking shared-object bigdecimal.bundle
ld: warning: search path '/opt/homebrew/Cellar/openssl@3/3.6.0/lib' not found

current directory: /Users/muhammadansernaseer/Desktop/Livedin Projects/host-mobile-application/vendor/bundle/ruby/4.0.0/gems/bigdecimal-3.3.1/ext/bigdecimal
make -j11 DESTDIR\= sitearchdir\=./.gem.20260225-9044-tf5khh sitelibdir\=./.gem.20260225-9044-tf5khh install
/usr/bin/install -c -m 0755 bigdecimal.bundle ./.gem.20260225-9044-tf5khh

current directory: /Users/muhammadansernaseer/Desktop/Livedin Projects/host-mobile-application/vendor/bundle/ruby/4.0.0/gems/bigdecimal-3.3.1/ext/bigdecimal
make DESTDIR\= sitearchdir\=./.gem.20260225-9044-tf5khh sitelibdir\=./.gem.20260225-9044-tf5khh clean
